mode: set
github.com/sandbox/manager/internal/k8s/client.go:47.52,48.16 1 1
github.com/sandbox/manager/internal/k8s/client.go:48.16,50.3 1 1
github.com/sandbox/manager/internal/k8s/client.go:53.2,53.18 1 1
github.com/sandbox/manager/internal/k8s/client.go:53.18,55.3 1 1
github.com/sandbox/manager/internal/k8s/client.go:56.2,56.20 1 1
github.com/sandbox/manager/internal/k8s/client.go:56.20,58.3 1 1
github.com/sandbox/manager/internal/k8s/client.go:59.2,59.29 1 1
github.com/sandbox/manager/internal/k8s/client.go:59.29,61.3 1 1
github.com/sandbox/manager/internal/k8s/client.go:62.2,62.22 1 1
github.com/sandbox/manager/internal/k8s/client.go:62.22,69.3 1 1
github.com/sandbox/manager/internal/k8s/client.go:72.2,73.16 2 1
github.com/sandbox/manager/internal/k8s/client.go:73.16,75.23 2 1
github.com/sandbox/manager/internal/k8s/client.go:75.23,77.4 1 0
github.com/sandbox/manager/internal/k8s/client.go:78.3,79.17 2 1
github.com/sandbox/manager/internal/k8s/client.go:79.17,81.4 1 0
github.com/sandbox/manager/internal/k8s/client.go:82.3,82.58 1 1
github.com/sandbox/manager/internal/k8s/client.go:83.8,85.3 1 0
github.com/sandbox/manager/internal/k8s/client.go:88.2,97.16 5 1
github.com/sandbox/manager/internal/k8s/client.go:97.16,99.3 1 0
github.com/sandbox/manager/internal/k8s/client.go:101.2,102.21 2 1
github.com/sandbox/manager/internal/k8s/client.go:102.21,104.53 1 1
github.com/sandbox/manager/internal/k8s/client.go:104.53,106.4 1 0
github.com/sandbox/manager/internal/k8s/client.go:106.9,108.4 1 1
github.com/sandbox/manager/internal/k8s/client.go:111.2,121.8 2 1
github.com/sandbox/manager/internal/k8s/client.go:125.46,127.16 2 1
github.com/sandbox/manager/internal/k8s/client.go:127.16,129.3 1 1
github.com/sandbox/manager/internal/k8s/client.go:130.2,130.26 1 0
github.com/sandbox/manager/internal/k8s/client.go:134.52,136.2 1 0
github.com/sandbox/manager/internal/k8s/client.go:139.40,141.2 1 0
github.com/sandbox/manager/internal/k8s/client.go:144.37,146.2 1 1
github.com/sandbox/manager/internal/k8s/client.go:149.56,155.16 4 0
github.com/sandbox/manager/internal/k8s/client.go:155.16,156.29 1 0
github.com/sandbox/manager/internal/k8s/client.go:156.29,159.4 1 0
github.com/sandbox/manager/internal/k8s/client.go:160.3,160.52 1 0
github.com/sandbox/manager/internal/k8s/client.go:163.2,164.12 2 0
github.com/sandbox/manager/internal/k8s/client.go:168.100,177.16 3 0
github.com/sandbox/manager/internal/k8s/client.go:177.16,178.34 1 0
github.com/sandbox/manager/internal/k8s/client.go:178.34,181.4 2 0
github.com/sandbox/manager/internal/k8s/client.go:182.3,182.59 1 0
github.com/sandbox/manager/internal/k8s/client.go:185.2,186.12 2 0
github.com/sandbox/manager/internal/k8s/client.go:190.68,191.22 1 1
github.com/sandbox/manager/internal/k8s/client.go:191.22,193.3 1 1
github.com/sandbox/manager/internal/k8s/client.go:195.2,198.61 3 1
github.com/sandbox/manager/internal/k8s/client.go:198.61,200.17 2 1
github.com/sandbox/manager/internal/k8s/client.go:200.17,201.19 1 1
github.com/sandbox/manager/internal/k8s/client.go:201.19,203.5 1 1
github.com/sandbox/manager/internal/k8s/client.go:204.4,204.14 1 1
github.com/sandbox/manager/internal/k8s/client.go:207.3,210.87 2 1
github.com/sandbox/manager/internal/k8s/client.go:210.87,212.4 1 1
github.com/sandbox/manager/internal/k8s/client.go:215.3,215.38 1 1
github.com/sandbox/manager/internal/k8s/client.go:215.38,217.11 2 1
github.com/sandbox/manager/internal/k8s/client.go:218.22,219.21 1 0
github.com/sandbox/manager/internal/k8s/client.go:220.31,223.37 2 1
github.com/sandbox/manager/internal/k8s/client.go:223.37,225.6 1 1
github.com/sandbox/manager/internal/k8s/client.go:230.2,230.62 1 1
github.com/sandbox/manager/internal/k8s/client.go:234.92,236.2 1 1
github.com/sandbox/manager/internal/k8s/exec.go:49.44,56.2 1 1
github.com/sandbox/manager/internal/k8s/exec.go:59.102,60.17 1 0
github.com/sandbox/manager/internal/k8s/exec.go:60.17,62.3 1 0
github.com/sandbox/manager/internal/k8s/exec.go:64.2,64.26 1 0
github.com/sandbox/manager/internal/k8s/exec.go:64.26,66.3 1 0
github.com/sandbox/manager/internal/k8s/exec.go:68.2,72.22 3 0
github.com/sandbox/manager/internal/k8s/exec.go:72.22,76.3 3 0
github.com/sandbox/manager/internal/k8s/exec.go:79.2,80.24 2 0
github.com/sandbox/manager/internal/k8s/exec.go:80.24,83.3 2 0
github.com/sandbox/manager/internal/k8s/exec.go:84.2,84.24 1 0
github.com/sandbox/manager/internal/k8s/exec.go:84.24,87.3 2 0
github.com/sandbox/manager/internal/k8s/exec.go:89.2,95.16 5 0
github.com/sandbox/manager/internal/k8s/exec.go:95.16,97.3 1 0
github.com/sandbox/manager/internal/k8s/exec.go:100.2,101.16 2 0
github.com/sandbox/manager/internal/k8s/exec.go:101.16,103.3 1 0
github.com/sandbox/manager/internal/k8s/exec.go:106.2,123.22 5 0
github.com/sandbox/manager/internal/k8s/exec.go:123.22,125.3 1 0
github.com/sandbox/manager/internal/k8s/exec.go:125.8,125.31 1 0
github.com/sandbox/manager/internal/k8s/exec.go:125.31,127.64 1 0
github.com/sandbox/manager/internal/k8s/exec.go:127.64,129.4 1 0
github.com/sandbox/manager/internal/k8s/exec.go:131.2,131.22 1 0
github.com/sandbox/manager/internal/k8s/exec.go:131.22,133.3 1 0
github.com/sandbox/manager/internal/k8s/exec.go:133.8,133.31 1 0
github.com/sandbox/manager/internal/k8s/exec.go:133.31,135.64 1 0
github.com/sandbox/manager/internal/k8s/exec.go:135.64,137.4 1 0
github.com/sandbox/manager/internal/k8s/exec.go:141.2,141.47 1 0
github.com/sandbox/manager/internal/k8s/exec.go:141.47,145.3 3 0
github.com/sandbox/manager/internal/k8s/exec.go:147.2,147.16 1 0
github.com/sandbox/manager/internal/k8s/exec.go:147.16,151.3 3 0
github.com/sandbox/manager/internal/k8s/exec.go:153.2,154.20 2 0
github.com/sandbox/manager/internal/k8s/exec.go:159.132,161.16 2 0
github.com/sandbox/manager/internal/k8s/exec.go:161.16,163.3 1 0
github.com/sandbox/manager/internal/k8s/exec.go:166.2,166.21 1 0
github.com/sandbox/manager/internal/k8s/exec.go:166.21,170.3 2 0
github.com/sandbox/manager/internal/k8s/exec.go:172.2,172.20 1 0
github.com/sandbox/manager/internal/k8s/exec.go:176.151,196.2 4 0
github.com/sandbox/manager/internal/k8s/exec.go:203.38,205.2 1 1
github.com/sandbox/manager/internal/k8s/exec.go:207.53,210.2 2 1
github.com/sandbox/manager/internal/k8s/exec.go:212.40,214.2 1 1
github.com/sandbox/manager/internal/k8s/exec.go:218.58,222.15 3 1
github.com/sandbox/manager/internal/k8s/exec.go:222.15,224.3 1 1
github.com/sandbox/manager/internal/k8s/exec.go:227.2,232.18 3 1
github.com/sandbox/manager/internal/k8s/exec.go:232.18,234.3 1 1
github.com/sandbox/manager/internal/k8s/exec.go:237.2,238.16 2 1
github.com/sandbox/manager/internal/k8s/exec.go:238.16,240.3 1 1
github.com/sandbox/manager/internal/k8s/exec.go:242.2,242.17 1 1
github.com/sandbox/manager/internal/k8s/exec.go:246.60,249.13 3 1
github.com/sandbox/manager/internal/k8s/exec.go:249.13,251.3 1 1
github.com/sandbox/manager/internal/k8s/exec.go:254.2,255.82 2 1
github.com/sandbox/manager/internal/k8s/exec.go:255.82,257.3 1 1
github.com/sandbox/manager/internal/k8s/exec.go:260.2,261.82 2 1
github.com/sandbox/manager/internal/k8s/exec.go:261.82,263.3 1 1
github.com/sandbox/manager/internal/k8s/exec.go:266.2,266.83 1 1
github.com/sandbox/manager/internal/k8s/exec.go:266.83,268.84 2 1
github.com/sandbox/manager/internal/k8s/exec.go:268.84,271.4 1 1
github.com/sandbox/manager/internal/k8s/exec.go:275.2,275.46 1 1
github.com/sandbox/manager/internal/k8s/exec.go:279.59,283.6 3 1
github.com/sandbox/manager/internal/k8s/exec.go:283.6,285.14 2 1
github.com/sandbox/manager/internal/k8s/exec.go:285.14,286.9 1 1
github.com/sandbox/manager/internal/k8s/exec.go:290.3,294.57 2 1
github.com/sandbox/manager/internal/k8s/exec.go:294.57,296.4 1 1
github.com/sandbox/manager/internal/k8s/exec.go:298.3,298.42 1 1
github.com/sandbox/manager/internal/k8s/exec.go:301.2,301.16 1 1
github.com/sandbox/manager/internal/k8s/exec.go:305.45,306.13 1 0
github.com/sandbox/manager/internal/k8s/exec.go:306.13,308.3 1 0
github.com/sandbox/manager/internal/k8s/exec.go:309.2,309.19 1 0
github.com/sandbox/manager/internal/k8s/exec.go:309.19,311.3 1 0
github.com/sandbox/manager/internal/k8s/exec.go:312.2,312.18 1 0
github.com/sandbox/manager/internal/k8s/exec.go:312.18,314.3 1 0
github.com/sandbox/manager/internal/k8s/exec.go:316.2,316.45 1 0
github.com/sandbox/manager/internal/k8s/exec.go:316.45,317.35 1 0
github.com/sandbox/manager/internal/k8s/exec.go:317.35,319.4 1 0
github.com/sandbox/manager/internal/k8s/exec.go:321.2,321.11 1 0
github.com/sandbox/manager/internal/k8s/exec_stream.go:23.126,39.16 3 0
github.com/sandbox/manager/internal/k8s/exec_stream.go:39.16,41.3 1 0
github.com/sandbox/manager/internal/k8s/exec_stream.go:43.2,49.16 2 0
github.com/sandbox/manager/internal/k8s/exec_stream.go:49.16,51.3 1 0
github.com/sandbox/manager/internal/k8s/exec_stream.go:53.2,53.12 1 0
github.com/sandbox/manager/internal/k8s/exec_stream.go:57.126,63.2 3 0
github.com/sandbox/manager/internal/k8s/finalizer.go:14.108,16.16 2 0
github.com/sandbox/manager/internal/k8s/finalizer.go:16.16,18.3 1 0
github.com/sandbox/manager/internal/k8s/finalizer.go:20.2,21.36 2 0
github.com/sandbox/manager/internal/k8s/finalizer.go:21.36,22.36 1 0
github.com/sandbox/manager/internal/k8s/finalizer.go:22.36,24.4 1 0
github.com/sandbox/manager/internal/k8s/finalizer.go:27.2,27.18 1 0
github.com/sandbox/manager/internal/k8s/finalizer.go:31.99,34.16 2 0
github.com/sandbox/manager/internal/k8s/finalizer.go:34.16,35.29 1 0
github.com/sandbox/manager/internal/k8s/finalizer.go:35.29,39.4 2 0
github.com/sandbox/manager/internal/k8s/finalizer.go:40.3,40.50 1 0
github.com/sandbox/manager/internal/k8s/finalizer.go:44.2,44.35 1 0
github.com/sandbox/manager/internal/k8s/finalizer.go:44.35,47.3 2 0
github.com/sandbox/manager/internal/k8s/finalizer.go:50.2,54.16 3 0
github.com/sandbox/manager/internal/k8s/finalizer.go:54.16,56.3 1 0
github.com/sandbox/manager/internal/k8s/finalizer.go:58.2,59.12 2 0
github.com/sandbox/manager/internal/k8s/finalizer.go:63.55,64.35 1 0
github.com/sandbox/manager/internal/k8s/finalizer.go:64.35,65.21 1 0
github.com/sandbox/manager/internal/k8s/finalizer.go:65.21,67.4 1 0
github.com/sandbox/manager/internal/k8s/finalizer.go:69.2,69.14 1 0
github.com/sandbox/manager/internal/k8s/finalizer.go:73.85,75.31 2 0
github.com/sandbox/manager/internal/k8s/finalizer.go:75.31,76.21 1 0
github.com/sandbox/manager/internal/k8s/finalizer.go:76.21,78.4 1 0
github.com/sandbox/manager/internal/k8s/finalizer.go:80.2,80.22 1 0
github.com/sandbox/manager/internal/k8s/pods.go:87.84,94.24 5 0
github.com/sandbox/manager/internal/k8s/pods.go:94.24,95.33 1 0
github.com/sandbox/manager/internal/k8s/pods.go:95.33,97.4 1 0
github.com/sandbox/manager/internal/k8s/pods.go:99.2,99.30 1 0
github.com/sandbox/manager/internal/k8s/pods.go:99.30,101.3 1 0
github.com/sandbox/manager/internal/k8s/pods.go:104.2,125.16 4 0
github.com/sandbox/manager/internal/k8s/pods.go:125.16,127.3 1 0
github.com/sandbox/manager/internal/k8s/pods.go:129.2,136.8 2 0
github.com/sandbox/manager/internal/k8s/pods.go:140.76,142.16 2 0
github.com/sandbox/manager/internal/k8s/pods.go:142.16,144.3 1 0
github.com/sandbox/manager/internal/k8s/pods.go:145.2,145.17 1 0
github.com/sandbox/manager/internal/k8s/pods.go:149.92,152.2 2 0
github.com/sandbox/manager/internal/k8s/pods.go:155.76,157.16 2 0
github.com/sandbox/manager/internal/k8s/pods.go:157.16,158.29 1 0
github.com/sandbox/manager/internal/k8s/pods.go:158.29,160.4 1 0
github.com/sandbox/manager/internal/k8s/pods.go:161.3,161.20 1 0
github.com/sandbox/manager/internal/k8s/pods.go:163.2,163.18 1 0
github.com/sandbox/manager/internal/k8s/pods.go:167.35,168.50 1 1
github.com/sandbox/manager/internal/k8s/pods.go:168.50,169.76 1 1
github.com/sandbox/manager/internal/k8s/pods.go:169.76,171.4 1 1
github.com/sandbox/manager/internal/k8s/pods.go:173.2,173.14 1 1
github.com/sandbox/manager/internal/k8s/pods.go:177.134,180.47 2 0
github.com/sandbox/manager/internal/k8s/pods.go:180.47,182.17 2 0
github.com/sandbox/manager/internal/k8s/pods.go:182.17,183.30 1 0
github.com/sandbox/manager/internal/k8s/pods.go:183.30,185.5 1 0
github.com/sandbox/manager/internal/k8s/pods.go:186.4,186.58 1 0
github.com/sandbox/manager/internal/k8s/pods.go:189.3,189.39 1 0
github.com/sandbox/manager/internal/k8s/pods.go:189.39,191.4 1 0
github.com/sandbox/manager/internal/k8s/pods.go:193.3,193.22 1 0
github.com/sandbox/manager/internal/k8s/pods.go:193.22,196.4 2 0
github.com/sandbox/manager/internal/k8s/pods.go:198.3,198.20 1 0
github.com/sandbox/manager/internal/k8s/pods.go:201.2,201.16 1 0
github.com/sandbox/manager/internal/k8s/pods.go:201.16,203.3 1 0
github.com/sandbox/manager/internal/k8s/pods.go:204.2,204.18 1 0
github.com/sandbox/manager/internal/k8s/pods.go:208.136,213.16 3 0
github.com/sandbox/manager/internal/k8s/pods.go:213.16,215.22 1 0
github.com/sandbox/manager/internal/k8s/pods.go:215.22,221.4 1 0
github.com/sandbox/manager/internal/k8s/pods.go:224.3,225.17 2 0
github.com/sandbox/manager/internal/k8s/pods.go:225.17,227.4 1 0
github.com/sandbox/manager/internal/k8s/pods.go:228.3,232.9 1 0
github.com/sandbox/manager/internal/k8s/pods.go:235.2,235.29 1 0
github.com/sandbox/manager/internal/k8s/pods.go:235.29,237.3 1 0
github.com/sandbox/manager/internal/k8s/pods.go:240.2,241.16 2 0
github.com/sandbox/manager/internal/k8s/pods.go:241.16,243.34 1 0
github.com/sandbox/manager/internal/k8s/pods.go:243.34,246.18 2 0
github.com/sandbox/manager/internal/k8s/pods.go:246.18,248.5 1 0
github.com/sandbox/manager/internal/k8s/pods.go:249.4,253.10 1 0
github.com/sandbox/manager/internal/k8s/pods.go:255.3,255.18 1 0
github.com/sandbox/manager/internal/k8s/pods.go:259.2,260.16 2 0
github.com/sandbox/manager/internal/k8s/pods.go:260.16,262.3 1 0
github.com/sandbox/manager/internal/k8s/pods.go:263.2,265.20 2 0
github.com/sandbox/manager/internal/k8s/pods.go:269.94,271.29 2 0
github.com/sandbox/manager/internal/k8s/pods.go:271.29,273.3 1 0
github.com/sandbox/manager/internal/k8s/pods.go:275.2,276.43 2 0
github.com/sandbox/manager/internal/k8s/pods.go:276.43,278.3 1 0
github.com/sandbox/manager/internal/k8s/pods.go:280.2,281.12 2 0
github.com/sandbox/manager/internal/k8s/pods.go:285.110,288.2 2 0
github.com/sandbox/manager/internal/k8s/pods.go:291.88,308.16 6 0
github.com/sandbox/manager/internal/k8s/pods.go:308.16,310.3 1 0
github.com/sandbox/manager/internal/k8s/pods.go:312.2,313.12 2 0
github.com/sandbox/manager/internal/k8s/pods.go:317.104,320.2 2 0
github.com/sandbox/manager/internal/k8s/pods.go:323.39,326.2 2 1
github.com/sandbox/manager/internal/k8s/pods.go:329.45,331.47 1 1
github.com/sandbox/manager/internal/k8s/pods.go:331.47,331.72 2 1
github.com/sandbox/manager/internal/k8s/pods.go:333.48,333.76 2 1
github.com/sandbox/manager/internal/k8s/pods.go:343.2,343.36 1 1
github.com/sandbox/manager/internal/k8s/pods.go:343.36,345.46 2 0
github.com/sandbox/manager/internal/k8s/pods.go:345.46,346.18 1 0
github.com/sandbox/manager/internal/k8s/pods.go:346.18,347.13 1 0
github.com/sandbox/manager/internal/k8s/pods.go:349.4,349.66 1 0
github.com/sandbox/manager/internal/k8s/pods.go:351.3,351.23 1 0
github.com/sandbox/manager/internal/k8s/pods.go:351.23,353.4 1 0
github.com/sandbox/manager/internal/k8s/pods.go:356.2,356.16 1 1
github.com/sandbox/manager/internal/k8s/pods.go:360.49,371.24 2 1
github.com/sandbox/manager/internal/k8s/pods.go:371.24,373.3 1 0
github.com/sandbox/manager/internal/k8s/pods.go:373.8,375.3 1 1
github.com/sandbox/manager/internal/k8s/pods.go:378.2,378.23 1 1
github.com/sandbox/manager/internal/k8s/pods.go:378.23,380.30 2 1
github.com/sandbox/manager/internal/k8s/pods.go:380.30,385.4 1 1
github.com/sandbox/manager/internal/k8s/pods.go:386.3,386.22 1 1
github.com/sandbox/manager/internal/k8s/pods.go:389.2,389.33 1 1
github.com/sandbox/manager/internal/k8s/pods.go:389.33,391.3 1 1
github.com/sandbox/manager/internal/k8s/pods.go:393.2,393.18 1 1
github.com/sandbox/manager/internal/k8s/pods.go:397.56,421.2 1 0
github.com/sandbox/manager/internal/k8s/pods.go:424.71,429.42 1 1
github.com/sandbox/manager/internal/k8s/pods.go:429.42,429.67 2 1
github.com/sandbox/manager/internal/k8s/pods.go:432.2,432.20 1 1
github.com/sandbox/manager/internal/k8s/pods.go:432.20,436.3 3 0
github.com/sandbox/manager/internal/k8s/pods.go:438.2,438.29 1 1
github.com/sandbox/manager/internal/k8s/pods.go:438.29,442.3 1 1
github.com/sandbox/manager/internal/k8s/pods.go:444.2,444.12 1 1
github.com/sandbox/manager/internal/k8s/pods.go:448.95,454.24 2 1
github.com/sandbox/manager/internal/k8s/pods.go:454.24,456.3 1 1
github.com/sandbox/manager/internal/k8s/pods.go:457.2,457.27 1 1
github.com/sandbox/manager/internal/k8s/pods.go:457.27,459.3 1 1
github.com/sandbox/manager/internal/k8s/pods.go:460.2,460.22 1 1
github.com/sandbox/manager/internal/k8s/pods.go:460.22,462.3 1 1
github.com/sandbox/manager/internal/k8s/pods.go:463.2,463.25 1 1
github.com/sandbox/manager/internal/k8s/pods.go:463.25,465.3 1 1
github.com/sandbox/manager/internal/k8s/pods.go:466.2,466.35 1 1
github.com/sandbox/manager/internal/k8s/pods.go:466.35,468.3 1 1
github.com/sandbox/manager/internal/k8s/pods.go:470.2,470.18 1 1
github.com/sandbox/manager/internal/k8s/pods.go:474.53,476.28 2 1
github.com/sandbox/manager/internal/k8s/pods.go:476.28,478.46 2 1
github.com/sandbox/manager/internal/k8s/pods.go:478.46,481.4 2 1
github.com/sandbox/manager/internal/k8s/pods.go:483.3,490.5 1 1
github.com/sandbox/manager/internal/k8s/pods.go:492.2,492.13 1 1
github.com/sandbox/manager/internal/k8s/pods.go:496.63,498.28 2 1
github.com/sandbox/manager/internal/k8s/pods.go:498.28,503.3 1 1
github.com/sandbox/manager/internal/k8s/pods.go:504.2,504.15 1 1
github.com/sandbox/manager/internal/k8s/pods.go:508.75,510.32 2 1
github.com/sandbox/manager/internal/k8s/pods.go:510.32,511.23 1 1
github.com/sandbox/manager/internal/k8s/pods.go:511.23,513.4 1 1
github.com/sandbox/manager/internal/k8s/pods.go:515.2,515.15 1 1
github.com/sandbox/manager/internal/k8s/pods.go:519.37,520.28 1 1
github.com/sandbox/manager/internal/k8s/pods.go:520.28,522.3 1 1
github.com/sandbox/manager/internal/k8s/pods.go:523.2,525.12 3 1
github.com/sandbox/manager/internal/k8s/pods.go:529.46,530.28 1 1
github.com/sandbox/manager/internal/k8s/pods.go:530.28,532.3 1 1
github.com/sandbox/manager/internal/k8s/pods.go:533.2,533.45 1 1
github.com/sandbox/manager/internal/k8s/pods.go:538.46,539.28 1 1
github.com/sandbox/manager/internal/k8s/pods.go:539.28,541.3 1 1
github.com/sandbox/manager/internal/k8s/pods.go:543.2,543.63 1 1
github.com/sandbox/manager/internal/k8s/pods.go:543.63,545.3 1 1
github.com/sandbox/manager/internal/k8s/pods.go:547.2,547.38 1 1
github.com/sandbox/manager/internal/k8s/pods.go:551.50,552.23 1 0
github.com/sandbox/manager/internal/k8s/pods.go:552.23,554.3 1 0
github.com/sandbox/manager/internal/k8s/pods.go:555.2,555.38 1 0
github.com/sandbox/manager/internal/k8s/snapshot.go:11.107,14.12 2 0
github.com/sandbox/manager/internal/k8s/snapshot.go:14.12,18.10 2 0
github.com/sandbox/manager/internal/k8s/snapshot.go:19.21,21.10 2 0
github.com/sandbox/manager/internal/k8s/snapshot.go:22.11,22.11 0 0
github.com/sandbox/manager/internal/k8s/snapshot.go:26.3,35.17 4 0
github.com/sandbox/manager/internal/k8s/snapshot.go:35.17,38.4 2 0
github.com/sandbox/manager/internal/k8s/snapshot.go:41.2,41.20 1 0
github.com/sandbox/manager/internal/k8s/snapshot.go:45.108,51.2 1 0
github.com/sandbox/manager/internal/k8s/snapshot.go:54.90,59.16 2 0
github.com/sandbox/manager/internal/k8s/snapshot.go:59.16,61.3 1 0
github.com/sandbox/manager/internal/k8s/snapshot.go:64.2,64.30 1 0
